/vagrant_data/blobstore/blobs/2806d9cd6666d6aae3934e87905fc3291c4b1693,Unknown
/vagrant_data/blobstore/blobs/3f4a7df345d3ccdf8bf5a6e78d1d3c59d3641772,fmt/18
/vagrant_data/blobstore/blobs/c37672e0ba9afef20d4f053da5c68621ed6bb507,fmt/11
/vagrant_data/blobstore/blobs/a2dc22c72b9a615e2114000572ea217c8e36e382,fmt/19
/vagrant_data/blobstore/blobs/5d2fa9ef4448099821f0a56d29c9017d50b63f7e,fmt/19
