/vagrant_data/blobstore/a00628c26d71c6ca95c67327bb56cf680699e26a : application/x-tika-msoffice
4389b9a6306643ed0bd79db4e781179ab022f25b : text/plain
984b6966cbd68188f9507cbb3a39971270210ee5 : application/pdf
09f311d38aa01e439de31f07093a12b6616d2e06 : application/x-tika-ooxml
